::ffff:127.0.0.1 - - [03/May/2021:04:00:48 +0000] "OPTIONS /friend/list HTTP/1.1" 204 0 "http://localhost:8080/" "Mozilla/5.0 (Linux; Android 8.0; Pixel 2 Build/OPD3.170816.012) AppleWebKit/537.36 (KHTML, like Gecko) Chrome/90.0.4430.85 Mobile Safari/537.36"
::1 - - [03/May/2021:04:00:48 +0000] "GET /public/images/avatar/160283218164589c2961f4a63cb6156b7af1c2cc372bf.jpg HTTP/1.1" 200 1261743 "http://localhost:8080/" "Mozilla/5.0 (Linux; Android 8.0; Pixel 2 Build/OPD3.170816.012) AppleWebKit/537.36 (KHTML, like Gecko) Chrome/90.0.4430.85 Mobile Safari/537.36"
::1 - - [03/May/2021:04:01:07 +0000] "GET /public/images/avatar/160283218164589c2961f4a63cb6156b7af1c2cc372bf.jpg HTTP/1.1" 200 1261743 "-" "Mozilla/5.0 (Windows NT 10.0; Win64; x64) AppleWebKit/537.36 (KHTML, like Gecko) Chrome/90.0.4430.85 Safari/537.36"
::ffff:127.0.0.1 - - [03/May/2021:04:01:22 +0000] "POST /friend/list HTTP/1.1" - - "http://localhost:8080/" "Mozilla/5.0 (Linux; Android 8.0; Pixel 2 Build/OPD3.170816.012) AppleWebKit/537.36 (KHTML, like Gecko) Chrome/90.0.4430.85 Mobile Safari/537.36"
::ffff:127.0.0.1 - - [03/May/2021:04:01:23 +0000] "OPTIONS /friend/list HTTP/1.1" 204 0 "http://localhost:8080/" "Mozilla/5.0 (Linux; Android 8.0; Pixel 2 Build/OPD3.170816.012) AppleWebKit/537.36 (KHTML, like Gecko) Chrome/90.0.4430.85 Mobile Safari/537.36"
::1 - - [03/May/2021:04:01:23 +0000] "GET /public/images/avatar/160283218164589c2961f4a63cb6156b7af1c2cc372bf.jpg HTTP/1.1" 304 - "http://localhost:8080/" "Mozilla/5.0 (Linux; Android 8.0; Pixel 2 Build/OPD3.170816.012) AppleWebKit/537.36 (KHTML, like Gecko) Chrome/90.0.4430.85 Mobile Safari/537.36"
::ffff:127.0.0.1 - - [03/May/2021:04:02:23 +0000] "POST /friend/list HTTP/1.1" - - "http://localhost:8080/" "Mozilla/5.0 (Linux; Android 8.0; Pixel 2 Build/OPD3.170816.012) AppleWebKit/537.36 (KHTML, like Gecko) Chrome/90.0.4430.85 Mobile Safari/537.36"
::ffff:127.0.0.1 - - [03/May/2021:04:02:29 +0000] "OPTIONS /friend/list HTTP/1.1" 204 0 "http://localhost:8080/" "Mozilla/5.0 (Linux; Android 8.0; Pixel 2 Build/OPD3.170816.012) AppleWebKit/537.36 (KHTML, like Gecko) Chrome/90.0.4430.85 Mobile Safari/537.36"
::1 - - [03/May/2021:04:02:29 +0000] "GET /public/images/avatar/160283218164589c2961f4a63cb6156b7af1c2cc372bf.jpg HTTP/1.1" 304 - "http://localhost:8080/" "Mozilla/5.0 (Linux; Android 8.0; Pixel 2 Build/OPD3.170816.012) AppleWebKit/537.36 (KHTML, like Gecko) Chrome/90.0.4430.85 Mobile Safari/537.36"
::1 - - [03/May/2021:04:02:30 +0000] "GET /public/images/avatar/160283218164589c2961f4a63cb6156b7af1c2cc372bf.jpg HTTP/1.1" 304 - "-" "Mozilla/5.0 (Windows NT 10.0; Win64; x64) AppleWebKit/537.36 (KHTML, like Gecko) Chrome/90.0.4430.85 Safari/537.36"
::ffff:127.0.0.1 - - [03/May/2021:04:03:41 +0000] "OPTIONS /friend/list HTTP/1.1" 204 0 "http://localhost:8080/" "Mozilla/5.0 (Linux; Android 8.0; Pixel 2 Build/OPD3.170816.012) AppleWebKit/537.36 (KHTML, like Gecko) Chrome/90.0.4430.85 Mobile Safari/537.36"
::1 - - [03/May/2021:04:03:41 +0000] "GET /public/images/avatar/160283218164589c2961f4a63cb6156b7af1c2cc372bf.jpg HTTP/1.1" 304 - "http://localhost:8080/" "Mozilla/5.0 (Linux; Android 8.0; Pixel 2 Build/OPD3.170816.012) AppleWebKit/537.36 (KHTML, like Gecko) Chrome/90.0.4430.85 Mobile Safari/537.36"
::ffff:127.0.0.1 - - [03/May/2021:04:04:41 +0000] "POST /friend/list HTTP/1.1" - - "http://localhost:8080/" "Mozilla/5.0 (Linux; Android 8.0; Pixel 2 Build/OPD3.170816.012) AppleWebKit/537.36 (KHTML, like Gecko) Chrome/90.0.4430.85 Mobile Safari/537.36"
::ffff:127.0.0.1 - - [03/May/2021:04:04:50 +0000] "OPTIONS /friend/list HTTP/1.1" 204 0 "http://localhost:8080/" "Mozilla/5.0 (Linux; Android 8.0; Pixel 2 Build/OPD3.170816.012) AppleWebKit/537.36 (KHTML, like Gecko) Chrome/90.0.4430.85 Mobile Safari/537.36"
::1 - - [03/May/2021:04:04:51 +0000] "GET /public/images/avatar/160283218164589c2961f4a63cb6156b7af1c2cc372bf.jpg HTTP/1.1" 304 - "http://localhost:8080/" "Mozilla/5.0 (Linux; Android 8.0; Pixel 2 Build/OPD3.170816.012) AppleWebKit/537.36 (KHTML, like Gecko) Chrome/90.0.4430.85 Mobile Safari/537.36"
::ffff:127.0.0.1 - - [03/May/2021:04:05:23 +0000] "OPTIONS /friend/list HTTP/1.1" 204 0 "http://localhost:8080/" "Mozilla/5.0 (Linux; Android 8.0; Pixel 2 Build/OPD3.170816.012) AppleWebKit/537.36 (KHTML, like Gecko) Chrome/90.0.4430.85 Mobile Safari/537.36"
::1 - - [03/May/2021:04:05:23 +0000] "GET /public/images/avatar/160283218164589c2961f4a63cb6156b7af1c2cc372bf.jpg HTTP/1.1" 304 - "http://localhost:8080/" "Mozilla/5.0 (Linux; Android 8.0; Pixel 2 Build/OPD3.170816.012) AppleWebKit/537.36 (KHTML, like Gecko) Chrome/90.0.4430.85 Mobile Safari/537.36"
::ffff:127.0.0.1 - - [03/May/2021:04:06:23 +0000] "POST /friend/list HTTP/1.1" - - "http://localhost:8080/" "Mozilla/5.0 (Linux; Android 8.0; Pixel 2 Build/OPD3.170816.012) AppleWebKit/537.36 (KHTML, like Gecko) Chrome/90.0.4430.85 Mobile Safari/537.36"
::ffff:127.0.0.1 - - [03/May/2021:04:07:01 +0000] "OPTIONS /friend/list HTTP/1.1" 204 0 "http://localhost:8080/" "Mozilla/5.0 (Linux; Android 8.0; Pixel 2 Build/OPD3.170816.012) AppleWebKit/537.36 (KHTML, like Gecko) Chrome/90.0.4430.85 Mobile Safari/537.36"
::1 - - [03/May/2021:04:07:01 +0000] "GET /public/images/avatar/160283218164589c2961f4a63cb6156b7af1c2cc372bf.jpg HTTP/1.1" 304 - "http://localhost:8080/" "Mozilla/5.0 (Linux; Android 8.0; Pixel 2 Build/OPD3.170816.012) AppleWebKit/537.36 (KHTML, like Gecko) Chrome/90.0.4430.85 Mobile Safari/537.36"
::ffff:127.0.0.1 - - [03/May/2021:04:08:05 +0000] "OPTIONS /friend/list HTTP/1.1" 204 0 "http://localhost:8080/" "Mozilla/5.0 (Linux; Android 8.0; Pixel 2 Build/OPD3.170816.012) AppleWebKit/537.36 (KHTML, like Gecko) Chrome/90.0.4430.85 Mobile Safari/537.36"
::1 - - [03/May/2021:04:08:05 +0000] "GET /public/images/avatar/160283218164589c2961f4a63cb6156b7af1c2cc372bf.jpg HTTP/1.1" 304 - "http://localhost:8080/" "Mozilla/5.0 (Linux; Android 8.0; Pixel 2 Build/OPD3.170816.012) AppleWebKit/537.36 (KHTML, like Gecko) Chrome/90.0.4430.85 Mobile Safari/537.36"
::ffff:127.0.0.1 - - [03/May/2021:04:09:05 +0000] "POST /friend/list HTTP/1.1" - - "http://localhost:8080/" "Mozilla/5.0 (Linux; Android 8.0; Pixel 2 Build/OPD3.170816.012) AppleWebKit/537.36 (KHTML, like Gecko) Chrome/90.0.4430.85 Mobile Safari/537.36"
::ffff:127.0.0.1 - - [03/May/2021:04:12:07 +0000] "OPTIONS /friend/list HTTP/1.1" 204 0 "http://localhost:8080/" "Mozilla/5.0 (Linux; Android 8.0; Pixel 2 Build/OPD3.170816.012) AppleWebKit/537.36 (KHTML, like Gecko) Chrome/90.0.4430.85 Mobile Safari/537.36"
::1 - - [03/May/2021:04:12:07 +0000] "GET /public/images/avatar/160283218164589c2961f4a63cb6156b7af1c2cc372bf.jpg HTTP/1.1" 304 - "http://localhost:8080/" "Mozilla/5.0 (Linux; Android 8.0; Pixel 2 Build/OPD3.170816.012) AppleWebKit/537.36 (KHTML, like Gecko) Chrome/90.0.4430.85 Mobile Safari/537.36"
::ffff:127.0.0.1 - - [03/May/2021:04:12:33 +0000] "OPTIONS /friend/list HTTP/1.1" 204 0 "http://localhost:8080/" "Mozilla/5.0 (Linux; Android 8.0; Pixel 2 Build/OPD3.170816.012) AppleWebKit/537.36 (KHTML, like Gecko) Chrome/90.0.4430.85 Mobile Safari/537.36"
::1 - - [03/May/2021:04:12:33 +0000] "GET /public/images/avatar/160283218164589c2961f4a63cb6156b7af1c2cc372bf.jpg HTTP/1.1" 304 - "http://localhost:8080/" "Mozilla/5.0 (Linux; Android 8.0; Pixel 2 Build/OPD3.170816.012) AppleWebKit/537.36 (KHTML, like Gecko) Chrome/90.0.4430.85 Mobile Safari/537.36"
::ffff:127.0.0.1 - - [03/May/2021:04:13:34 +0000] "POST /friend/list HTTP/1.1" - - "http://localhost:8080/" "Mozilla/5.0 (Linux; Android 8.0; Pixel 2 Build/OPD3.170816.012) AppleWebKit/537.36 (KHTML, like Gecko) Chrome/90.0.4430.85 Mobile Safari/537.36"
::ffff:127.0.0.1 - - [03/May/2021:04:14:11 +0000] "OPTIONS /friend/list HTTP/1.1" 204 0 "http://localhost:8080/" "Mozilla/5.0 (Linux; Android 8.0; Pixel 2 Build/OPD3.170816.012) AppleWebKit/537.36 (KHTML, like Gecko) Chrome/90.0.4430.85 Mobile Safari/537.36"
::1 - - [03/May/2021:04:14:11 +0000] "GET /public/images/avatar/160283218164589c2961f4a63cb6156b7af1c2cc372bf.jpg HTTP/1.1" 304 - "http://localhost:8080/" "Mozilla/5.0 (Linux; Android 8.0; Pixel 2 Build/OPD3.170816.012) AppleWebKit/537.36 (KHTML, like Gecko) Chrome/90.0.4430.85 Mobile Safari/537.36"
::ffff:127.0.0.1 - - [03/May/2021:04:15:13 +0000] "OPTIONS /friend/list HTTP/1.1" 204 0 "http://localhost:8080/" "Mozilla/5.0 (Linux; Android 8.0; Pixel 2 Build/OPD3.170816.012) AppleWebKit/537.36 (KHTML, like Gecko) Chrome/90.0.4430.85 Mobile Safari/537.36"
::1 - - [03/May/2021:04:15:13 +0000] "GET /public/images/avatar/160283218164589c2961f4a63cb6156b7af1c2cc372bf.jpg HTTP/1.1" 304 - "http://localhost:8080/" "Mozilla/5.0 (Linux; Android 8.0; Pixel 2 Build/OPD3.170816.012) AppleWebKit/537.36 (KHTML, like Gecko) Chrome/90.0.4430.85 Mobile Safari/537.36"
::ffff:127.0.0.1 - - [03/May/2021:04:16:35 +0000] "OPTIONS /friend/list HTTP/1.1" 204 0 "http://localhost:8080/" "Mozilla/5.0 (Linux; Android 8.0; Pixel 2 Build/OPD3.170816.012) AppleWebKit/537.36 (KHTML, like Gecko) Chrome/90.0.4430.85 Mobile Safari/537.36"
::1 - - [03/May/2021:04:16:36 +0000] "GET /public/images/avatar/160283218164589c2961f4a63cb6156b7af1c2cc372bf.jpg HTTP/1.1" 304 - "http://localhost:8080/" "Mozilla/5.0 (Linux; Android 8.0; Pixel 2 Build/OPD3.170816.012) AppleWebKit/537.36 (KHTML, like Gecko) Chrome/90.0.4430.85 Mobile Safari/537.36"
::ffff:127.0.0.1 - - [03/May/2021:04:16:51 +0000] "OPTIONS /friend/list HTTP/1.1" 204 0 "http://localhost:8080/" "Mozilla/5.0 (Linux; Android 8.0; Pixel 2 Build/OPD3.170816.012) AppleWebKit/537.36 (KHTML, like Gecko) Chrome/90.0.4430.85 Mobile Safari/537.36"
::1 - - [03/May/2021:04:16:51 +0000] "GET /public/images/avatar/160283218164589c2961f4a63cb6156b7af1c2cc372bf.jpg HTTP/1.1" 304 - "http://localhost:8080/" "Mozilla/5.0 (Linux; Android 8.0; Pixel 2 Build/OPD3.170816.012) AppleWebKit/537.36 (KHTML, like Gecko) Chrome/90.0.4430.85 Mobile Safari/537.36"
::ffff:127.0.0.1 - - [03/May/2021:04:16:51 +0000] "POST /friend/list HTTP/1.1" 200 291 "http://localhost:8080/" "Mozilla/5.0 (Linux; Android 8.0; Pixel 2 Build/OPD3.170816.012) AppleWebKit/537.36 (KHTML, like Gecko) Chrome/90.0.4430.85 Mobile Safari/537.36"
::ffff:127.0.0.1 - - [03/May/2021:04:17:19 +0000] "OPTIONS /friend/list HTTP/1.1" 204 0 "http://localhost:8080/" "Mozilla/5.0 (Linux; Android 8.0; Pixel 2 Build/OPD3.170816.012) AppleWebKit/537.36 (KHTML, like Gecko) Chrome/90.0.4430.85 Mobile Safari/537.36"
::1 - - [03/May/2021:04:17:20 +0000] "GET /public/images/avatar/160283218164589c2961f4a63cb6156b7af1c2cc372bf.jpg HTTP/1.1" 304 - "http://localhost:8080/" "Mozilla/5.0 (Linux; Android 8.0; Pixel 2 Build/OPD3.170816.012) AppleWebKit/537.36 (KHTML, like Gecko) Chrome/90.0.4430.85 Mobile Safari/537.36"
::ffff:127.0.0.1 - - [03/May/2021:04:17:20 +0000] "POST /friend/list HTTP/1.1" 200 291 "http://localhost:8080/" "Mozilla/5.0 (Linux; Android 8.0; Pixel 2 Build/OPD3.170816.012) AppleWebKit/537.36 (KHTML, like Gecko) Chrome/90.0.4430.85 Mobile Safari/537.36"
::ffff:127.0.0.1 - - [03/May/2021:04:17:52 +0000] "OPTIONS /friend/list HTTP/1.1" 204 0 "http://localhost:8080/" "Mozilla/5.0 (Linux; Android 8.0; Pixel 2 Build/OPD3.170816.012) AppleWebKit/537.36 (KHTML, like Gecko) Chrome/90.0.4430.85 Mobile Safari/537.36"
::1 - - [03/May/2021:04:17:52 +0000] "GET /public/images/avatar/160283218164589c2961f4a63cb6156b7af1c2cc372bf.jpg HTTP/1.1" 304 - "http://localhost:8080/" "Mozilla/5.0 (Linux; Android 8.0; Pixel 2 Build/OPD3.170816.012) AppleWebKit/537.36 (KHTML, like Gecko) Chrome/90.0.4430.85 Mobile Safari/537.36"
::ffff:127.0.0.1 - - [03/May/2021:04:18:12 +0000] "OPTIONS /friend/list HTTP/1.1" 204 0 "http://localhost:8080/" "Mozilla/5.0 (Linux; Android 8.0; Pixel 2 Build/OPD3.170816.012) AppleWebKit/537.36 (KHTML, like Gecko) Chrome/90.0.4430.85 Mobile Safari/537.36"
::1 - - [03/May/2021:04:18:12 +0000] "GET /public/images/avatar/160283218164589c2961f4a63cb6156b7af1c2cc372bf.jpg HTTP/1.1" 304 - "http://localhost:8080/" "Mozilla/5.0 (Linux; Android 8.0; Pixel 2 Build/OPD3.170816.012) AppleWebKit/537.36 (KHTML, like Gecko) Chrome/90.0.4430.85 Mobile Safari/537.36"
::ffff:127.0.0.1 - - [03/May/2021:04:18:12 +0000] "POST /friend/list HTTP/1.1" 200 282 "http://localhost:8080/" "Mozilla/5.0 (Linux; Android 8.0; Pixel 2 Build/OPD3.170816.012) AppleWebKit/537.36 (KHTML, like Gecko) Chrome/90.0.4430.85 Mobile Safari/537.36"
::ffff:127.0.0.1 - - [03/May/2021:04:19:09 +0000] "OPTIONS /friend/list HTTP/1.1" 204 0 "http://localhost:8080/" "Mozilla/5.0 (Linux; Android 8.0; Pixel 2 Build/OPD3.170816.012) AppleWebKit/537.36 (KHTML, like Gecko) Chrome/90.0.4430.85 Mobile Safari/537.36"
::1 - - [03/May/2021:04:19:09 +0000] "GET /public/images/avatar/160283218164589c2961f4a63cb6156b7af1c2cc372bf.jpg HTTP/1.1" 304 - "http://localhost:8080/" "Mozilla/5.0 (Linux; Android 8.0; Pixel 2 Build/OPD3.170816.012) AppleWebKit/537.36 (KHTML, like Gecko) Chrome/90.0.4430.85 Mobile Safari/537.36"
::ffff:127.0.0.1 - - [03/May/2021:04:19:09 +0000] "POST /friend/list HTTP/1.1" 200 282 "http://localhost:8080/" "Mozilla/5.0 (Linux; Android 8.0; Pixel 2 Build/OPD3.170816.012) AppleWebKit/537.36 (KHTML, like Gecko) Chrome/90.0.4430.85 Mobile Safari/537.36"
::ffff:127.0.0.1 - - [03/May/2021:04:20:29 +0000] "OPTIONS /friend/list HTTP/1.1" 204 0 "http://localhost:8080/" "Mozilla/5.0 (Linux; Android 8.0; Pixel 2 Build/OPD3.170816.012) AppleWebKit/537.36 (KHTML, like Gecko) Chrome/90.0.4430.85 Mobile Safari/537.36"
::1 - - [03/May/2021:04:20:29 +0000] "GET /public/images/avatar/160283218164589c2961f4a63cb6156b7af1c2cc372bf.jpg HTTP/1.1" 304 - "http://localhost:8080/" "Mozilla/5.0 (Linux; Android 8.0; Pixel 2 Build/OPD3.170816.012) AppleWebKit/537.36 (KHTML, like Gecko) Chrome/90.0.4430.85 Mobile Safari/537.36"
::ffff:127.0.0.1 - - [03/May/2021:04:20:30 +0000] "POST /friend/list HTTP/1.1" 200 525 "http://localhost:8080/" "Mozilla/5.0 (Linux; Android 8.0; Pixel 2 Build/OPD3.170816.012) AppleWebKit/537.36 (KHTML, like Gecko) Chrome/90.0.4430.85 Mobile Safari/537.36"
::ffff:127.0.0.1 - - [03/May/2021:04:21:15 +0000] "OPTIONS /friend/list HTTP/1.1" 204 0 "http://localhost:8080/" "Mozilla/5.0 (Linux; Android 8.0; Pixel 2 Build/OPD3.170816.012) AppleWebKit/537.36 (KHTML, like Gecko) Chrome/90.0.4430.85 Mobile Safari/537.36"
::1 - - [03/May/2021:04:21:15 +0000] "GET /public/images/avatar/160283218164589c2961f4a63cb6156b7af1c2cc372bf.jpg HTTP/1.1" 304 - "http://localhost:8080/" "Mozilla/5.0 (Linux; Android 8.0; Pixel 2 Build/OPD3.170816.012) AppleWebKit/537.36 (KHTML, like Gecko) Chrome/90.0.4430.85 Mobile Safari/537.36"
::ffff:127.0.0.1 - - [03/May/2021:10:39:00 +0000] "OPTIONS /friend/list HTTP/1.1" 204 0 "http://localhost:8080/" "Mozilla/5.0 (Linux; Android 8.0; Pixel 2 Build/OPD3.170816.012) AppleWebKit/537.36 (KHTML, like Gecko) Chrome/90.0.4430.85 Mobile Safari/537.36"
::1 - - [03/May/2021:10:39:00 +0000] "GET /public/images/avatar/160283218164589c2961f4a63cb6156b7af1c2cc372bf.jpg HTTP/1.1" 304 - "http://localhost:8080/" "Mozilla/5.0 (Linux; Android 8.0; Pixel 2 Build/OPD3.170816.012) AppleWebKit/537.36 (KHTML, like Gecko) Chrome/90.0.4430.85 Mobile Safari/537.36"
::ffff:127.0.0.1 - - [03/May/2021:10:39:24 +0000] "OPTIONS /friend/list HTTP/1.1" 204 0 "http://localhost:8080/" "Mozilla/5.0 (Linux; Android 8.0; Pixel 2 Build/OPD3.170816.012) AppleWebKit/537.36 (KHTML, like Gecko) Chrome/90.0.4430.85 Mobile Safari/537.36"
::1 - - [03/May/2021:10:39:25 +0000] "GET /public/images/avatar/160283218164589c2961f4a63cb6156b7af1c2cc372bf.jpg HTTP/1.1" 304 - "http://localhost:8080/" "Mozilla/5.0 (Linux; Android 8.0; Pixel 2 Build/OPD3.170816.012) AppleWebKit/537.36 (KHTML, like Gecko) Chrome/90.0.4430.85 Mobile Safari/537.36"
::ffff:127.0.0.1 - - [03/May/2021:10:39:25 +0000] "POST /friend/list HTTP/1.1" 200 291 "http://localhost:8080/" "Mozilla/5.0 (Linux; Android 8.0; Pixel 2 Build/OPD3.170816.012) AppleWebKit/537.36 (KHTML, like Gecko) Chrome/90.0.4430.85 Mobile Safari/537.36"
::ffff:127.0.0.1 - - [03/May/2021:10:39:42 +0000] "OPTIONS /friend/list HTTP/1.1" 204 0 "http://localhost:8080/" "Mozilla/5.0 (Linux; Android 8.0; Pixel 2 Build/OPD3.170816.012) AppleWebKit/537.36 (KHTML, like Gecko) Chrome/90.0.4430.85 Mobile Safari/537.36"
::1 - - [03/May/2021:10:39:42 +0000] "GET /public/images/avatar/160283218164589c2961f4a63cb6156b7af1c2cc372bf.jpg HTTP/1.1" 304 - "http://localhost:8080/" "Mozilla/5.0 (Linux; Android 8.0; Pixel 2 Build/OPD3.170816.012) AppleWebKit/537.36 (KHTML, like Gecko) Chrome/90.0.4430.85 Mobile Safari/537.36"
::ffff:127.0.0.1 - - [03/May/2021:10:39:42 +0000] "POST /friend/list HTTP/1.1" 200 282 "http://localhost:8080/" "Mozilla/5.0 (Linux; Android 8.0; Pixel 2 Build/OPD3.170816.012) AppleWebKit/537.36 (KHTML, like Gecko) Chrome/90.0.4430.85 Mobile Safari/537.36"
::ffff:127.0.0.1 - - [03/May/2021:10:40:01 +0000] "OPTIONS /friend/list HTTP/1.1" 204 0 "http://localhost:8080/" "Mozilla/5.0 (Linux; Android 8.0; Pixel 2 Build/OPD3.170816.012) AppleWebKit/537.36 (KHTML, like Gecko) Chrome/90.0.4430.85 Mobile Safari/537.36"
::1 - - [03/May/2021:10:40:01 +0000] "GET /public/images/avatar/160283218164589c2961f4a63cb6156b7af1c2cc372bf.jpg HTTP/1.1" 304 - "http://localhost:8080/" "Mozilla/5.0 (Linux; Android 8.0; Pixel 2 Build/OPD3.170816.012) AppleWebKit/537.36 (KHTML, like Gecko) Chrome/90.0.4430.85 Mobile Safari/537.36"
::ffff:127.0.0.1 - - [03/May/2021:10:40:02 +0000] "POST /friend/list HTTP/1.1" 200 282 "http://localhost:8080/" "Mozilla/5.0 (Linux; Android 8.0; Pixel 2 Build/OPD3.170816.012) AppleWebKit/537.36 (KHTML, like Gecko) Chrome/90.0.4430.85 Mobile Safari/537.36"
::ffff:127.0.0.1 - - [03/May/2021:10:40:19 +0000] "OPTIONS /friend/list HTTP/1.1" 204 0 "http://localhost:8080/" "Mozilla/5.0 (Linux; Android 8.0; Pixel 2 Build/OPD3.170816.012) AppleWebKit/537.36 (KHTML, like Gecko) Chrome/90.0.4430.85 Mobile Safari/537.36"
::1 - - [03/May/2021:10:40:19 +0000] "GET /public/images/avatar/160283218164589c2961f4a63cb6156b7af1c2cc372bf.jpg HTTP/1.1" 304 - "http://localhost:8080/" "Mozilla/5.0 (Linux; Android 8.0; Pixel 2 Build/OPD3.170816.012) AppleWebKit/537.36 (KHTML, like Gecko) Chrome/90.0.4430.85 Mobile Safari/537.36"
::ffff:127.0.0.1 - - [03/May/2021:10:40:19 +0000] "POST /friend/list HTTP/1.1" 200 291 "http://localhost:8080/" "Mozilla/5.0 (Linux; Android 8.0; Pixel 2 Build/OPD3.170816.012) AppleWebKit/537.36 (KHTML, like Gecko) Chrome/90.0.4430.85 Mobile Safari/537.36"
::ffff:127.0.0.1 - - [03/May/2021:10:41:22 +0000] "OPTIONS /friend/list HTTP/1.1" 204 0 "http://localhost:8080/" "Mozilla/5.0 (Linux; Android 8.0; Pixel 2 Build/OPD3.170816.012) AppleWebKit/537.36 (KHTML, like Gecko) Chrome/90.0.4430.85 Mobile Safari/537.36"
::1 - - [03/May/2021:10:41:22 +0000] "GET /public/images/avatar/160283218164589c2961f4a63cb6156b7af1c2cc372bf.jpg HTTP/1.1" 304 - "http://localhost:8080/" "Mozilla/5.0 (Linux; Android 8.0; Pixel 2 Build/OPD3.170816.012) AppleWebKit/537.36 (KHTML, like Gecko) Chrome/90.0.4430.85 Mobile Safari/537.36"
::ffff:127.0.0.1 - - [03/May/2021:10:41:22 +0000] "POST /friend/list HTTP/1.1" 200 49 "http://localhost:8080/" "Mozilla/5.0 (Linux; Android 8.0; Pixel 2 Build/OPD3.170816.012) AppleWebKit/537.36 (KHTML, like Gecko) Chrome/90.0.4430.85 Mobile Safari/537.36"
::ffff:127.0.0.1 - - [03/May/2021:10:41:36 +0000] "OPTIONS /friend/list HTTP/1.1" 204 0 "http://localhost:8080/" "Mozilla/5.0 (Linux; Android 8.0; Pixel 2 Build/OPD3.170816.012) AppleWebKit/537.36 (KHTML, like Gecko) Chrome/90.0.4430.85 Mobile Safari/537.36"
::1 - - [03/May/2021:10:41:36 +0000] "GET /public/images/avatar/160283218164589c2961f4a63cb6156b7af1c2cc372bf.jpg HTTP/1.1" 304 - "http://localhost:8080/" "Mozilla/5.0 (Linux; Android 8.0; Pixel 2 Build/OPD3.170816.012) AppleWebKit/537.36 (KHTML, like Gecko) Chrome/90.0.4430.85 Mobile Safari/537.36"
::ffff:127.0.0.1 - - [03/May/2021:10:41:37 +0000] "POST /friend/list HTTP/1.1" 200 49 "http://localhost:8080/" "Mozilla/5.0 (Linux; Android 8.0; Pixel 2 Build/OPD3.170816.012) AppleWebKit/537.36 (KHTML, like Gecko) Chrome/90.0.4430.85 Mobile Safari/537.36"
::ffff:127.0.0.1 - - [03/May/2021:10:41:50 +0000] "OPTIONS /friend/list HTTP/1.1" 204 0 "http://localhost:8080/" "Mozilla/5.0 (Linux; Android 8.0; Pixel 2 Build/OPD3.170816.012) AppleWebKit/537.36 (KHTML, like Gecko) Chrome/90.0.4430.85 Mobile Safari/537.36"
::1 - - [03/May/2021:10:41:50 +0000] "GET /public/images/avatar/160283218164589c2961f4a63cb6156b7af1c2cc372bf.jpg HTTP/1.1" 304 - "http://localhost:8080/" "Mozilla/5.0 (Linux; Android 8.0; Pixel 2 Build/OPD3.170816.012) AppleWebKit/537.36 (KHTML, like Gecko) Chrome/90.0.4430.85 Mobile Safari/537.36"
::ffff:127.0.0.1 - - [03/May/2021:10:41:50 +0000] "POST /friend/list HTTP/1.1" 200 282 "http://localhost:8080/" "Mozilla/5.0 (Linux; Android 8.0; Pixel 2 Build/OPD3.170816.012) AppleWebKit/537.36 (KHTML, like Gecko) Chrome/90.0.4430.85 Mobile Safari/537.36"
::ffff:127.0.0.1 - - [03/May/2021:10:45:53 +0000] "OPTIONS /friend/list HTTP/1.1" 204 0 "http://localhost:8080/" "Mozilla/5.0 (Linux; Android 8.0; Pixel 2 Build/OPD3.170816.012) AppleWebKit/537.36 (KHTML, like Gecko) Chrome/90.0.4430.85 Mobile Safari/537.36"
::1 - - [03/May/2021:10:45:54 +0000] "GET /public/images/avatar/160283218164589c2961f4a63cb6156b7af1c2cc372bf.jpg HTTP/1.1" 304 - "http://localhost:8080/" "Mozilla/5.0 (Linux; Android 8.0; Pixel 2 Build/OPD3.170816.012) AppleWebKit/537.36 (KHTML, like Gecko) Chrome/90.0.4430.85 Mobile Safari/537.36"
::ffff:127.0.0.1 - - [03/May/2021:10:45:54 +0000] "POST /friend/list HTTP/1.1" 200 282 "http://localhost:8080/" "Mozilla/5.0 (Linux; Android 8.0; Pixel 2 Build/OPD3.170816.012) AppleWebKit/537.36 (KHTML, like Gecko) Chrome/90.0.4430.85 Mobile Safari/537.36"
::ffff:127.0.0.1 - - [03/May/2021:10:58:20 +0000] "OPTIONS /friend/list HTTP/1.1" 204 0 "http://localhost:8080/" "Mozilla/5.0 (Linux; Android 8.0; Pixel 2 Build/OPD3.170816.012) AppleWebKit/537.36 (KHTML, like Gecko) Chrome/90.0.4430.85 Mobile Safari/537.36"
::1 - - [03/May/2021:10:58:21 +0000] "GET /public/images/avatar/160283218164589c2961f4a63cb6156b7af1c2cc372bf.jpg HTTP/1.1" 304 - "http://localhost:8080/" "Mozilla/5.0 (Linux; Android 8.0; Pixel 2 Build/OPD3.170816.012) AppleWebKit/537.36 (KHTML, like Gecko) Chrome/90.0.4430.85 Mobile Safari/537.36"
::ffff:127.0.0.1 - - [03/May/2021:10:58:21 +0000] "POST /friend/list HTTP/1.1" 200 282 "http://localhost:8080/" "Mozilla/5.0 (Linux; Android 8.0; Pixel 2 Build/OPD3.170816.012) AppleWebKit/537.36 (KHTML, like Gecko) Chrome/90.0.4430.85 Mobile Safari/537.36"
::ffff:127.0.0.1 - - [03/May/2021:11:01:23 +0000] "OPTIONS /friend/list HTTP/1.1" 204 0 "http://localhost:8080/" "Mozilla/5.0 (Linux; Android 8.0; Pixel 2 Build/OPD3.170816.012) AppleWebKit/537.36 (KHTML, like Gecko) Chrome/90.0.4430.85 Mobile Safari/537.36"
::1 - - [03/May/2021:11:01:23 +0000] "GET /public/images/avatar/160283218164589c2961f4a63cb6156b7af1c2cc372bf.jpg HTTP/1.1" 304 - "http://localhost:8080/" "Mozilla/5.0 (Linux; Android 8.0; Pixel 2 Build/OPD3.170816.012) AppleWebKit/537.36 (KHTML, like Gecko) Chrome/90.0.4430.85 Mobile Safari/537.36"
::ffff:127.0.0.1 - - [03/May/2021:11:01:23 +0000] "POST /friend/list HTTP/1.1" 200 282 "http://localhost:8080/" "Mozilla/5.0 (Linux; Android 8.0; Pixel 2 Build/OPD3.170816.012) AppleWebKit/537.36 (KHTML, like Gecko) Chrome/90.0.4430.85 Mobile Safari/537.36"
::ffff:127.0.0.1 - - [03/May/2021:11:01:38 +0000] "OPTIONS /friend/list HTTP/1.1" 204 0 "http://localhost:8080/" "Mozilla/5.0 (Linux; Android 8.0; Pixel 2 Build/OPD3.170816.012) AppleWebKit/537.36 (KHTML, like Gecko) Chrome/90.0.4430.85 Mobile Safari/537.36"
::1 - - [03/May/2021:11:01:38 +0000] "GET /public/images/avatar/160283218164589c2961f4a63cb6156b7af1c2cc372bf.jpg HTTP/1.1" 304 - "http://localhost:8080/" "Mozilla/5.0 (Linux; Android 8.0; Pixel 2 Build/OPD3.170816.012) AppleWebKit/537.36 (KHTML, like Gecko) Chrome/90.0.4430.85 Mobile Safari/537.36"
::ffff:127.0.0.1 - - [03/May/2021:11:01:39 +0000] "POST /friend/list HTTP/1.1" 200 291 "http://localhost:8080/" "Mozilla/5.0 (Linux; Android 8.0; Pixel 2 Build/OPD3.170816.012) AppleWebKit/537.36 (KHTML, like Gecko) Chrome/90.0.4430.85 Mobile Safari/537.36"
::1 - - [03/May/2021:11:03:28 +0000] "GET /message/get/dynamic HTTP/1.1" 200 10150 "-" "Mozilla/5.0 (Windows NT 10.0; Win64; x64) AppleWebKit/537.36 (KHTML, like Gecko) Chrome/90.0.4430.85 Safari/537.36"
::1 - - [03/May/2021:11:03:28 +0000] "GET /favicon.ico HTTP/1.1" 404 150 "http://localhost:4000/message/get/dynamic" "Mozilla/5.0 (Windows NT 10.0; Win64; x64) AppleWebKit/537.36 (KHTML, like Gecko) Chrome/90.0.4430.85 Safari/537.36"
::1 - - [03/May/2021:11:03:55 +0000] "GET /message/get/mycomment HTTP/1.1" 404 160 "-" "Mozilla/5.0 (Windows NT 10.0; Win64; x64) AppleWebKit/537.36 (KHTML, like Gecko) Chrome/90.0.4430.85 Safari/537.36"
::ffff:127.0.0.1 - - [03/May/2021:11:06:13 +0000] "OPTIONS /friend/list HTTP/1.1" 204 0 "http://localhost:8080/" "Mozilla/5.0 (Linux; Android 8.0; Pixel 2 Build/OPD3.170816.012) AppleWebKit/537.36 (KHTML, like Gecko) Chrome/90.0.4430.85 Mobile Safari/537.36"
::1 - - [03/May/2021:11:06:13 +0000] "GET /public/images/avatar/160283218164589c2961f4a63cb6156b7af1c2cc372bf.jpg HTTP/1.1" 304 - "http://localhost:8080/" "Mozilla/5.0 (Linux; Android 8.0; Pixel 2 Build/OPD3.170816.012) AppleWebKit/537.36 (KHTML, like Gecko) Chrome/90.0.4430.85 Mobile Safari/537.36"
::ffff:127.0.0.1 - - [03/May/2021:11:06:13 +0000] "POST /friend/list HTTP/1.1" 200 525 "http://localhost:8080/" "Mozilla/5.0 (Linux; Android 8.0; Pixel 2 Build/OPD3.170816.012) AppleWebKit/537.36 (KHTML, like Gecko) Chrome/90.0.4430.85 Mobile Safari/537.36"
::ffff:127.0.0.1 - - [03/May/2021:11:14:54 +0000] "OPTIONS /friend/list HTTP/1.1" 204 0 "http://localhost:8080/" "Mozilla/5.0 (Linux; Android 8.0; Pixel 2 Build/OPD3.170816.012) AppleWebKit/537.36 (KHTML, like Gecko) Chrome/90.0.4430.85 Mobile Safari/537.36"
::ffff:127.0.0.1 - - [03/May/2021:11:14:54 +0000] "POST /friend/list HTTP/1.1" 200 525 "http://localhost:8080/" "Mozilla/5.0 (Linux; Android 8.0; Pixel 2 Build/OPD3.170816.012) AppleWebKit/537.36 (KHTML, like Gecko) Chrome/90.0.4430.85 Mobile Safari/537.36"
::1 - - [03/May/2021:11:14:54 +0000] "GET /public/images/avatar/160283218164589c2961f4a63cb6156b7af1c2cc372bf.jpg HTTP/1.1" 304 - "http://localhost:8080/" "Mozilla/5.0 (Linux; Android 8.0; Pixel 2 Build/OPD3.170816.012) AppleWebKit/537.36 (KHTML, like Gecko) Chrome/90.0.4430.85 Mobile Safari/537.36"
::ffff:127.0.0.1 - - [03/May/2021:11:18:04 +0000] "OPTIONS /friend/list HTTP/1.1" 204 0 "http://localhost:8080/" "Mozilla/5.0 (Linux; Android 8.0; Pixel 2 Build/OPD3.170816.012) AppleWebKit/537.36 (KHTML, like Gecko) Chrome/90.0.4430.85 Mobile Safari/537.36"
::1 - - [03/May/2021:11:18:04 +0000] "GET /public/images/avatar/160283218164589c2961f4a63cb6156b7af1c2cc372bf.jpg HTTP/1.1" 304 - "http://localhost:8080/" "Mozilla/5.0 (Linux; Android 8.0; Pixel 2 Build/OPD3.170816.012) AppleWebKit/537.36 (KHTML, like Gecko) Chrome/90.0.4430.85 Mobile Safari/537.36"
::ffff:127.0.0.1 - - [03/May/2021:11:18:34 +0000] "OPTIONS /friend/list HTTP/1.1" 204 0 "http://localhost:8080/" "Mozilla/5.0 (Linux; Android 8.0; Pixel 2 Build/OPD3.170816.012) AppleWebKit/537.36 (KHTML, like Gecko) Chrome/90.0.4430.85 Mobile Safari/537.36"
::1 - - [03/May/2021:11:18:34 +0000] "GET /public/images/avatar/160283218164589c2961f4a63cb6156b7af1c2cc372bf.jpg HTTP/1.1" 304 - "http://localhost:8080/" "Mozilla/5.0 (Linux; Android 8.0; Pixel 2 Build/OPD3.170816.012) AppleWebKit/537.36 (KHTML, like Gecko) Chrome/90.0.4430.85 Mobile Safari/537.36"
::ffff:127.0.0.1 - - [03/May/2021:11:18:34 +0000] "POST /friend/list HTTP/1.1" 200 553 "http://localhost:8080/" "Mozilla/5.0 (Linux; Android 8.0; Pixel 2 Build/OPD3.170816.012) AppleWebKit/537.36 (KHTML, like Gecko) Chrome/90.0.4430.85 Mobile Safari/537.36"
::ffff:127.0.0.1 - - [03/May/2021:11:20:15 +0000] "OPTIONS /friend/list HTTP/1.1" 204 0 "http://localhost:8080/" "Mozilla/5.0 (Linux; Android 8.0; Pixel 2 Build/OPD3.170816.012) AppleWebKit/537.36 (KHTML, like Gecko) Chrome/90.0.4430.85 Mobile Safari/537.36"
::1 - - [03/May/2021:11:20:15 +0000] "GET /public/images/avatar/160283218164589c2961f4a63cb6156b7af1c2cc372bf.jpg HTTP/1.1" 304 - "http://localhost:8080/" "Mozilla/5.0 (Linux; Android 8.0; Pixel 2 Build/OPD3.170816.012) AppleWebKit/537.36 (KHTML, like Gecko) Chrome/90.0.4430.85 Mobile Safari/537.36"
::ffff:127.0.0.1 - - [03/May/2021:11:20:15 +0000] "POST /friend/list HTTP/1.1" 200 553 "http://localhost:8080/" "Mozilla/5.0 (Linux; Android 8.0; Pixel 2 Build/OPD3.170816.012) AppleWebKit/537.36 (KHTML, like Gecko) Chrome/90.0.4430.85 Mobile Safari/537.36"
::ffff:127.0.0.1 - - [03/May/2021:11:22:03 +0000] "OPTIONS /friend/list HTTP/1.1" 204 0 "http://localhost:8080/" "Mozilla/5.0 (Linux; Android 8.0; Pixel 2 Build/OPD3.170816.012) AppleWebKit/537.36 (KHTML, like Gecko) Chrome/90.0.4430.85 Mobile Safari/537.36"
::ffff:127.0.0.1 - - [03/May/2021:11:22:04 +0000] "POST /friend/list HTTP/1.1" 200 595 "http://localhost:8080/" "Mozilla/5.0 (Linux; Android 8.0; Pixel 2 Build/OPD3.170816.012) AppleWebKit/537.36 (KHTML, like Gecko) Chrome/90.0.4430.85 Mobile Safari/537.36"
::1 - - [03/May/2021:11:22:04 +0000] "GET /public/images/avatar/1617424043992u=2409086564,4092922119&fm=26&gp=0.jpg HTTP/1.1" 200 36888 "http://localhost:8080/" "Mozilla/5.0 (Linux; Android 8.0; Pixel 2 Build/OPD3.170816.012) AppleWebKit/537.36 (KHTML, like Gecko) Chrome/90.0.4430.85 Mobile Safari/537.36"
::1 - - [03/May/2021:11:22:04 +0000] "GET /public/images/avatar/1603249719512e7ce86382fa47c58d7f89334538b235a.jpg HTTP/1.1" 200 1448043 "http://localhost:8080/" "Mozilla/5.0 (Linux; Android 8.0; Pixel 2 Build/OPD3.170816.012) AppleWebKit/537.36 (KHTML, like Gecko) Chrome/90.0.4430.85 Mobile Safari/537.36"
::ffff:127.0.0.1 - - [03/May/2021:11:22:26 +0000] "OPTIONS /friend/list HTTP/1.1" 204 0 "http://localhost:8080/" "Mozilla/5.0 (Linux; Android 8.0; Pixel 2 Build/OPD3.170816.012) AppleWebKit/537.36 (KHTML, like Gecko) Chrome/90.0.4430.85 Mobile Safari/537.36"
::ffff:127.0.0.1 - - [03/May/2021:11:22:26 +0000] "POST /friend/list HTTP/1.1" 200 595 "http://localhost:8080/" "Mozilla/5.0 (Linux; Android 8.0; Pixel 2 Build/OPD3.170816.012) AppleWebKit/537.36 (KHTML, like Gecko) Chrome/90.0.4430.85 Mobile Safari/537.36"
::1 - - [03/May/2021:11:22:27 +0000] "GET /public/images/avatar/160283218164589c2961f4a63cb6156b7af1c2cc372bf.jpg HTTP/1.1" 304 - "http://localhost:8080/" "Mozilla/5.0 (Linux; Android 8.0; Pixel 2 Build/OPD3.170816.012) AppleWebKit/537.36 (KHTML, like Gecko) Chrome/90.0.4430.85 Mobile Safari/537.36"
::1 - - [03/May/2021:11:22:27 +0000] "GET /public/images/avatar/1603249719512e7ce86382fa47c58d7f89334538b235a.jpg HTTP/1.1" 304 - "http://localhost:8080/" "Mozilla/5.0 (Linux; Android 8.0; Pixel 2 Build/OPD3.170816.012) AppleWebKit/537.36 (KHTML, like Gecko) Chrome/90.0.4430.85 Mobile Safari/537.36"
::1 - - [03/May/2021:11:22:27 +0000] "GET /public/images/avatar/1617424043992u=2409086564,4092922119&fm=26&gp=0.jpg HTTP/1.1" 304 - "http://localhost:8080/" "Mozilla/5.0 (Linux; Android 8.0; Pixel 2 Build/OPD3.170816.012) AppleWebKit/537.36 (KHTML, like Gecko) Chrome/90.0.4430.85 Mobile Safari/537.36"
::ffff:127.0.0.1 - - [03/May/2021:11:25:53 +0000] "OPTIONS /friend/list HTTP/1.1" 204 0 "http://localhost:8080/" "Mozilla/5.0 (Linux; Android 8.0; Pixel 2 Build/OPD3.170816.012) AppleWebKit/537.36 (KHTML, like Gecko) Chrome/90.0.4430.85 Mobile Safari/537.36"
::ffff:127.0.0.1 - - [03/May/2021:11:25:53 +0000] "POST /friend/list HTTP/1.1" 200 595 "http://localhost:8080/" "Mozilla/5.0 (Linux; Android 8.0; Pixel 2 Build/OPD3.170816.012) AppleWebKit/537.36 (KHTML, like Gecko) Chrome/90.0.4430.85 Mobile Safari/537.36"
::ffff:127.0.0.1 - - [03/May/2021:11:35:26 +0000] "OPTIONS /friend/list HTTP/1.1" 204 0 "http://localhost:8080/" "Mozilla/5.0 (Linux; Android 8.0; Pixel 2 Build/OPD3.170816.012) AppleWebKit/537.36 (KHTML, like Gecko) Chrome/90.0.4430.85 Mobile Safari/537.36"
::ffff:127.0.0.1 - - [03/May/2021:11:35:26 +0000] "OPTIONS /friend/apply/num HTTP/1.1" 204 0 "http://localhost:8080/" "Mozilla/5.0 (Linux; Android 8.0; Pixel 2 Build/OPD3.170816.012) AppleWebKit/537.36 (KHTML, like Gecko) Chrome/90.0.4430.85 Mobile Safari/537.36"
::ffff:127.0.0.1 - - [03/May/2021:11:35:26 +0000] "POST /friend/apply/num HTTP/1.1" 404 156 "http://localhost:8080/" "Mozilla/5.0 (Linux; Android 8.0; Pixel 2 Build/OPD3.170816.012) AppleWebKit/537.36 (KHTML, like Gecko) Chrome/90.0.4430.85 Mobile Safari/537.36"
::ffff:127.0.0.1 - - [03/May/2021:11:35:26 +0000] "POST /friend/list HTTP/1.1" 200 595 "http://localhost:8080/" "Mozilla/5.0 (Linux; Android 8.0; Pixel 2 Build/OPD3.170816.012) AppleWebKit/537.36 (KHTML, like Gecko) Chrome/90.0.4430.85 Mobile Safari/537.36"
::ffff:127.0.0.1 - - [03/May/2021:11:35:29 +0000] "POST /friend/apply/num HTTP/1.1" 404 156 "http://localhost:8080/" "Mozilla/5.0 (Linux; Android 8.0; Pixel 2 Build/OPD3.170816.012) AppleWebKit/537.36 (KHTML, like Gecko) Chrome/90.0.4430.85 Mobile Safari/537.36"
::ffff:127.0.0.1 - - [03/May/2021:11:35:29 +0000] "POST /friend/list HTTP/1.1" 200 595 "http://localhost:8080/" "Mozilla/5.0 (Linux; Android 8.0; Pixel 2 Build/OPD3.170816.012) AppleWebKit/537.36 (KHTML, like Gecko) Chrome/90.0.4430.85 Mobile Safari/537.36"
::1 - - [03/May/2021:11:35:29 +0000] "GET /public/images/avatar/160283218164589c2961f4a63cb6156b7af1c2cc372bf.jpg HTTP/1.1" 304 - "http://localhost:8080/" "Mozilla/5.0 (Linux; Android 8.0; Pixel 2 Build/OPD3.170816.012) AppleWebKit/537.36 (KHTML, like Gecko) Chrome/90.0.4430.85 Mobile Safari/537.36"
::1 - - [03/May/2021:11:35:29 +0000] "GET /public/images/avatar/1603249719512e7ce86382fa47c58d7f89334538b235a.jpg HTTP/1.1" 304 - "http://localhost:8080/" "Mozilla/5.0 (Linux; Android 8.0; Pixel 2 Build/OPD3.170816.012) AppleWebKit/537.36 (KHTML, like Gecko) Chrome/90.0.4430.85 Mobile Safari/537.36"
::1 - - [03/May/2021:11:35:29 +0000] "GET /public/images/avatar/1617424043992u=2409086564,4092922119&fm=26&gp=0.jpg HTTP/1.1" 304 - "http://localhost:8080/" "Mozilla/5.0 (Linux; Android 8.0; Pixel 2 Build/OPD3.170816.012) AppleWebKit/537.36 (KHTML, like Gecko) Chrome/90.0.4430.85 Mobile Safari/537.36"
::ffff:127.0.0.1 - - [03/May/2021:11:35:40 +0000] "OPTIONS /friend/list HTTP/1.1" 204 0 "http://localhost:8080/" "Mozilla/5.0 (Linux; Android 8.0; Pixel 2 Build/OPD3.170816.012) AppleWebKit/537.36 (KHTML, like Gecko) Chrome/90.0.4430.85 Mobile Safari/537.36"
::ffff:127.0.0.1 - - [03/May/2021:11:35:40 +0000] "OPTIONS /friend/apply/num HTTP/1.1" 204 0 "http://localhost:8080/" "Mozilla/5.0 (Linux; Android 8.0; Pixel 2 Build/OPD3.170816.012) AppleWebKit/537.36 (KHTML, like Gecko) Chrome/90.0.4430.85 Mobile Safari/537.36"
::1 - - [03/May/2021:11:35:40 +0000] "GET /public/images/avatar/160283218164589c2961f4a63cb6156b7af1c2cc372bf.jpg HTTP/1.1" 304 - "http://localhost:8080/" "Mozilla/5.0 (Linux; Android 8.0; Pixel 2 Build/OPD3.170816.012) AppleWebKit/537.36 (KHTML, like Gecko) Chrome/90.0.4430.85 Mobile Safari/537.36"
::ffff:127.0.0.1 - - [03/May/2021:11:35:40 +0000] "POST /friend/apply/num HTTP/1.1" 200 62 "http://localhost:8080/" "Mozilla/5.0 (Linux; Android 8.0; Pixel 2 Build/OPD3.170816.012) AppleWebKit/537.36 (KHTML, like Gecko) Chrome/90.0.4430.85 Mobile Safari/537.36"
::ffff:127.0.0.1 - - [03/May/2021:11:35:40 +0000] "POST /friend/list HTTP/1.1" 200 601 "http://localhost:8080/" "Mozilla/5.0 (Linux; Android 8.0; Pixel 2 Build/OPD3.170816.012) AppleWebKit/537.36 (KHTML, like Gecko) Chrome/90.0.4430.85 Mobile Safari/537.36"
::1 - - [03/May/2021:11:35:40 +0000] "GET /public/images/avatar/1603249719512e7ce86382fa47c58d7f89334538b235a.jpg HTTP/1.1" 304 - "http://localhost:8080/" "Mozilla/5.0 (Linux; Android 8.0; Pixel 2 Build/OPD3.170816.012) AppleWebKit/537.36 (KHTML, like Gecko) Chrome/90.0.4430.85 Mobile Safari/537.36"
::1 - - [03/May/2021:11:35:40 +0000] "GET /public/images/avatar/1617424043992u=2409086564,4092922119&fm=26&gp=0.jpg HTTP/1.1" 304 - "http://localhost:8080/" "Mozilla/5.0 (Linux; Android 8.0; Pixel 2 Build/OPD3.170816.012) AppleWebKit/537.36 (KHTML, like Gecko) Chrome/90.0.4430.85 Mobile Safari/537.36"
::ffff:127.0.0.1 - - [03/May/2021:11:36:15 +0000] "OPTIONS /friend/list HTTP/1.1" 204 0 "http://localhost:8080/" "Mozilla/5.0 (Linux; Android 8.0; Pixel 2 Build/OPD3.170816.012) AppleWebKit/537.36 (KHTML, like Gecko) Chrome/90.0.4430.85 Mobile Safari/537.36"
::ffff:127.0.0.1 - - [03/May/2021:11:36:15 +0000] "OPTIONS /friend/apply/num HTTP/1.1" 204 0 "http://localhost:8080/" "Mozilla/5.0 (Linux; Android 8.0; Pixel 2 Build/OPD3.170816.012) AppleWebKit/537.36 (KHTML, like Gecko) Chrome/90.0.4430.85 Mobile Safari/537.36"
::1 - - [03/May/2021:11:36:15 +0000] "GET /public/images/avatar/160283218164589c2961f4a63cb6156b7af1c2cc372bf.jpg HTTP/1.1" 304 - "http://localhost:8080/" "Mozilla/5.0 (Linux; Android 8.0; Pixel 2 Build/OPD3.170816.012) AppleWebKit/537.36 (KHTML, like Gecko) Chrome/90.0.4430.85 Mobile Safari/537.36"
::ffff:127.0.0.1 - - [03/May/2021:11:36:16 +0000] "POST /friend/apply/num HTTP/1.1" 200 62 "http://localhost:8080/" "Mozilla/5.0 (Linux; Android 8.0; Pixel 2 Build/OPD3.170816.012) AppleWebKit/537.36 (KHTML, like Gecko) Chrome/90.0.4430.85 Mobile Safari/537.36"
::ffff:127.0.0.1 - - [03/May/2021:11:36:16 +0000] "POST /friend/list HTTP/1.1" 200 601 "http://localhost:8080/" "Mozilla/5.0 (Linux; Android 8.0; Pixel 2 Build/OPD3.170816.012) AppleWebKit/537.36 (KHTML, like Gecko) Chrome/90.0.4430.85 Mobile Safari/537.36"
::1 - - [03/May/2021:11:36:16 +0000] "GET /public/images/avatar/1603249719512e7ce86382fa47c58d7f89334538b235a.jpg HTTP/1.1" 304 - "http://localhost:8080/" "Mozilla/5.0 (Linux; Android 8.0; Pixel 2 Build/OPD3.170816.012) AppleWebKit/537.36 (KHTML, like Gecko) Chrome/90.0.4430.85 Mobile Safari/537.36"
::1 - - [03/May/2021:11:36:16 +0000] "GET /public/images/avatar/1617424043992u=2409086564,4092922119&fm=26&gp=0.jpg HTTP/1.1" 304 - "http://localhost:8080/" "Mozilla/5.0 (Linux; Android 8.0; Pixel 2 Build/OPD3.170816.012) AppleWebKit/537.36 (KHTML, like Gecko) Chrome/90.0.4430.85 Mobile Safari/537.36"
::ffff:127.0.0.1 - - [03/May/2021:11:37:04 +0000] "OPTIONS /friend/list HTTP/1.1" 204 0 "http://localhost:8080/" "Mozilla/5.0 (Linux; Android 8.0; Pixel 2 Build/OPD3.170816.012) AppleWebKit/537.36 (KHTML, like Gecko) Chrome/90.0.4430.85 Mobile Safari/537.36"
::ffff:127.0.0.1 - - [03/May/2021:11:37:04 +0000] "OPTIONS /friend/apply/num HTTP/1.1" 204 0 "http://localhost:8080/" "Mozilla/5.0 (Linux; Android 8.0; Pixel 2 Build/OPD3.170816.012) AppleWebKit/537.36 (KHTML, like Gecko) Chrome/90.0.4430.85 Mobile Safari/537.36"
::ffff:127.0.0.1 - - [03/May/2021:11:37:04 +0000] "POST /friend/apply/num HTTP/1.1" 200 62 "http://localhost:8080/" "Mozilla/5.0 (Linux; Android 8.0; Pixel 2 Build/OPD3.170816.012) AppleWebKit/537.36 (KHTML, like Gecko) Chrome/90.0.4430.85 Mobile Safari/537.36"
::ffff:127.0.0.1 - - [03/May/2021:11:37:04 +0000] "POST /friend/list HTTP/1.1" 200 601 "http://localhost:8080/" "Mozilla/5.0 (Linux; Android 8.0; Pixel 2 Build/OPD3.170816.012) AppleWebKit/537.36 (KHTML, like Gecko) Chrome/90.0.4430.85 Mobile Safari/537.36"
::ffff:127.0.0.1 - - [03/May/2021:11:37:06 +0000] "POST /friend/apply/num HTTP/1.1" 200 62 "http://localhost:8080/" "Mozilla/5.0 (Linux; Android 8.0; Pixel 2 Build/OPD3.170816.012) AppleWebKit/537.36 (KHTML, like Gecko) Chrome/90.0.4430.85 Mobile Safari/537.36"
::ffff:127.0.0.1 - - [03/May/2021:11:37:06 +0000] "POST /friend/list HTTP/1.1" 200 601 "http://localhost:8080/" "Mozilla/5.0 (Linux; Android 8.0; Pixel 2 Build/OPD3.170816.012) AppleWebKit/537.36 (KHTML, like Gecko) Chrome/90.0.4430.85 Mobile Safari/537.36"
::1 - - [03/May/2021:11:37:07 +0000] "GET /public/images/avatar/160283218164589c2961f4a63cb6156b7af1c2cc372bf.jpg HTTP/1.1" 304 - "http://localhost:8080/" "Mozilla/5.0 (Linux; Android 8.0; Pixel 2 Build/OPD3.170816.012) AppleWebKit/537.36 (KHTML, like Gecko) Chrome/90.0.4430.85 Mobile Safari/537.36"
::1 - - [03/May/2021:11:37:07 +0000] "GET /public/images/avatar/1603249719512e7ce86382fa47c58d7f89334538b235a.jpg HTTP/1.1" 304 - "http://localhost:8080/" "Mozilla/5.0 (Linux; Android 8.0; Pixel 2 Build/OPD3.170816.012) AppleWebKit/537.36 (KHTML, like Gecko) Chrome/90.0.4430.85 Mobile Safari/537.36"
::1 - - [03/May/2021:11:37:07 +0000] "GET /public/images/avatar/1617424043992u=2409086564,4092922119&fm=26&gp=0.jpg HTTP/1.1" 304 - "http://localhost:8080/" "Mozilla/5.0 (Linux; Android 8.0; Pixel 2 Build/OPD3.170816.012) AppleWebKit/537.36 (KHTML, like Gecko) Chrome/90.0.4430.85 Mobile Safari/537.36"
::ffff:127.0.0.1 - - [03/May/2021:11:37:11 +0000] "OPTIONS /friend/list HTTP/1.1" 204 0 "http://localhost:8080/" "Mozilla/5.0 (Linux; Android 8.0; Pixel 2 Build/OPD3.170816.012) AppleWebKit/537.36 (KHTML, like Gecko) Chrome/90.0.4430.85 Mobile Safari/537.36"
::ffff:127.0.0.1 - - [03/May/2021:11:37:11 +0000] "OPTIONS /friend/apply/num HTTP/1.1" 204 0 "http://localhost:8080/" "Mozilla/5.0 (Linux; Android 8.0; Pixel 2 Build/OPD3.170816.012) AppleWebKit/537.36 (KHTML, like Gecko) Chrome/90.0.4430.85 Mobile Safari/537.36"
::ffff:127.0.0.1 - - [03/May/2021:11:37:11 +0000] "POST /friend/apply/num HTTP/1.1" 200 62 "http://localhost:8080/" "Mozilla/5.0 (Linux; Android 8.0; Pixel 2 Build/OPD3.170816.012) AppleWebKit/537.36 (KHTML, like Gecko) Chrome/90.0.4430.85 Mobile Safari/537.36"
::ffff:127.0.0.1 - - [03/May/2021:11:37:11 +0000] "POST /friend/list HTTP/1.1" 200 601 "http://localhost:8080/" "Mozilla/5.0 (Linux; Android 8.0; Pixel 2 Build/OPD3.170816.012) AppleWebKit/537.36 (KHTML, like Gecko) Chrome/90.0.4430.85 Mobile Safari/537.36"
::ffff:127.0.0.1 - - [03/May/2021:11:37:53 +0000] "OPTIONS /friend/list HTTP/1.1" 204 0 "http://localhost:8080/" "Mozilla/5.0 (Linux; Android 8.0; Pixel 2 Build/OPD3.170816.012) AppleWebKit/537.36 (KHTML, like Gecko) Chrome/90.0.4430.85 Mobile Safari/537.36"
::ffff:127.0.0.1 - - [03/May/2021:11:37:53 +0000] "OPTIONS /friend/apply/num HTTP/1.1" 204 0 "http://localhost:8080/" "Mozilla/5.0 (Linux; Android 8.0; Pixel 2 Build/OPD3.170816.012) AppleWebKit/537.36 (KHTML, like Gecko) Chrome/90.0.4430.85 Mobile Safari/537.36"
::ffff:127.0.0.1 - - [03/May/2021:11:37:53 +0000] "POST /friend/apply/num HTTP/1.1" 200 62 "http://localhost:8080/" "Mozilla/5.0 (Linux; Android 8.0; Pixel 2 Build/OPD3.170816.012) AppleWebKit/537.36 (KHTML, like Gecko) Chrome/90.0.4430.85 Mobile Safari/537.36"
::ffff:127.0.0.1 - - [03/May/2021:11:37:53 +0000] "POST /friend/list HTTP/1.1" 200 601 "http://localhost:8080/" "Mozilla/5.0 (Linux; Android 8.0; Pixel 2 Build/OPD3.170816.012) AppleWebKit/537.36 (KHTML, like Gecko) Chrome/90.0.4430.85 Mobile Safari/537.36"
::ffff:127.0.0.1 - - [03/May/2021:11:38:39 +0000] "OPTIONS /friend/list HTTP/1.1" 204 0 "http://localhost:8080/" "Mozilla/5.0 (Linux; Android 8.0; Pixel 2 Build/OPD3.170816.012) AppleWebKit/537.36 (KHTML, like Gecko) Chrome/90.0.4430.85 Mobile Safari/537.36"
::ffff:127.0.0.1 - - [03/May/2021:11:38:39 +0000] "OPTIONS /friend/apply/num HTTP/1.1" 204 0 "http://localhost:8080/" "Mozilla/5.0 (Linux; Android 8.0; Pixel 2 Build/OPD3.170816.012) AppleWebKit/537.36 (KHTML, like Gecko) Chrome/90.0.4430.85 Mobile Safari/537.36"
::ffff:127.0.0.1 - - [03/May/2021:11:38:39 +0000] "POST /friend/apply/num HTTP/1.1" 200 62 "http://localhost:8080/" "Mozilla/5.0 (Linux; Android 8.0; Pixel 2 Build/OPD3.170816.012) AppleWebKit/537.36 (KHTML, like Gecko) Chrome/90.0.4430.85 Mobile Safari/537.36"
::ffff:127.0.0.1 - - [03/May/2021:11:38:39 +0000] "POST /friend/list HTTP/1.1" 200 601 "http://localhost:8080/" "Mozilla/5.0 (Linux; Android 8.0; Pixel 2 Build/OPD3.170816.012) AppleWebKit/537.36 (KHTML, like Gecko) Chrome/90.0.4430.85 Mobile Safari/537.36"
::ffff:127.0.0.1 - - [03/May/2021:11:39:18 +0000] "OPTIONS /friend/list HTTP/1.1" 204 0 "http://localhost:8080/" "Mozilla/5.0 (Linux; Android 8.0; Pixel 2 Build/OPD3.170816.012) AppleWebKit/537.36 (KHTML, like Gecko) Chrome/90.0.4430.85 Mobile Safari/537.36"
::ffff:127.0.0.1 - - [03/May/2021:11:39:18 +0000] "OPTIONS /friend/apply/num HTTP/1.1" 204 0 "http://localhost:8080/" "Mozilla/5.0 (Linux; Android 8.0; Pixel 2 Build/OPD3.170816.012) AppleWebKit/537.36 (KHTML, like Gecko) Chrome/90.0.4430.85 Mobile Safari/537.36"
::ffff:127.0.0.1 - - [03/May/2021:11:39:18 +0000] "POST /friend/apply/num HTTP/1.1" 200 62 "http://localhost:8080/" "Mozilla/5.0 (Linux; Android 8.0; Pixel 2 Build/OPD3.170816.012) AppleWebKit/537.36 (KHTML, like Gecko) Chrome/90.0.4430.85 Mobile Safari/537.36"
::ffff:127.0.0.1 - - [03/May/2021:11:39:18 +0000] "POST /friend/list HTTP/1.1" 200 601 "http://localhost:8080/" "Mozilla/5.0 (Linux; Android 8.0; Pixel 2 Build/OPD3.170816.012) AppleWebKit/537.36 (KHTML, like Gecko) Chrome/90.0.4430.85 Mobile Safari/537.36"
::1 - - [03/May/2021:11:39:18 +0000] "GET /public/images/avatar/160283218164589c2961f4a63cb6156b7af1c2cc372bf.jpg HTTP/1.1" 304 - "http://localhost:8080/" "Mozilla/5.0 (Linux; Android 8.0; Pixel 2 Build/OPD3.170816.012) AppleWebKit/537.36 (KHTML, like Gecko) Chrome/90.0.4430.85 Mobile Safari/537.36"
::1 - - [03/May/2021:11:39:18 +0000] "GET /public/images/avatar/1603249719512e7ce86382fa47c58d7f89334538b235a.jpg HTTP/1.1" 304 - "http://localhost:8080/" "Mozilla/5.0 (Linux; Android 8.0; Pixel 2 Build/OPD3.170816.012) AppleWebKit/537.36 (KHTML, like Gecko) Chrome/90.0.4430.85 Mobile Safari/537.36"
::1 - - [03/May/2021:11:39:18 +0000] "GET /public/images/avatar/1617424043992u=2409086564,4092922119&fm=26&gp=0.jpg HTTP/1.1" 304 - "http://localhost:8080/" "Mozilla/5.0 (Linux; Android 8.0; Pixel 2 Build/OPD3.170816.012) AppleWebKit/537.36 (KHTML, like Gecko) Chrome/90.0.4430.85 Mobile Safari/537.36"
::ffff:127.0.0.1 - - [03/May/2021:11:39:34 +0000] "OPTIONS /friend/list HTTP/1.1" 204 0 "http://localhost:8080/" "Mozilla/5.0 (Linux; Android 8.0; Pixel 2 Build/OPD3.170816.012) AppleWebKit/537.36 (KHTML, like Gecko) Chrome/90.0.4430.85 Mobile Safari/537.36"
::ffff:127.0.0.1 - - [03/May/2021:11:39:34 +0000] "OPTIONS /friend/apply/num HTTP/1.1" 204 0 "http://localhost:8080/" "Mozilla/5.0 (Linux; Android 8.0; Pixel 2 Build/OPD3.170816.012) AppleWebKit/537.36 (KHTML, like Gecko) Chrome/90.0.4430.85 Mobile Safari/537.36"
::ffff:127.0.0.1 - - [03/May/2021:11:39:34 +0000] "POST /friend/apply/num HTTP/1.1" 200 62 "http://localhost:8080/" "Mozilla/5.0 (Linux; Android 8.0; Pixel 2 Build/OPD3.170816.012) AppleWebKit/537.36 (KHTML, like Gecko) Chrome/90.0.4430.85 Mobile Safari/537.36"
::ffff:127.0.0.1 - - [03/May/2021:11:39:34 +0000] "POST /friend/list HTTP/1.1" 200 601 "http://localhost:8080/" "Mozilla/5.0 (Linux; Android 8.0; Pixel 2 Build/OPD3.170816.012) AppleWebKit/537.36 (KHTML, like Gecko) Chrome/90.0.4430.85 Mobile Safari/537.36"
::1 - - [03/May/2021:11:39:34 +0000] "GET /public/images/avatar/160283218164589c2961f4a63cb6156b7af1c2cc372bf.jpg HTTP/1.1" 304 - "http://localhost:8080/" "Mozilla/5.0 (Linux; Android 8.0; Pixel 2 Build/OPD3.170816.012) AppleWebKit/537.36 (KHTML, like Gecko) Chrome/90.0.4430.85 Mobile Safari/537.36"
::1 - - [03/May/2021:11:39:34 +0000] "GET /public/images/avatar/1603249719512e7ce86382fa47c58d7f89334538b235a.jpg HTTP/1.1" 304 - "http://localhost:8080/" "Mozilla/5.0 (Linux; Android 8.0; Pixel 2 Build/OPD3.170816.012) AppleWebKit/537.36 (KHTML, like Gecko) Chrome/90.0.4430.85 Mobile Safari/537.36"
::1 - - [03/May/2021:11:39:34 +0000] "GET /public/images/avatar/1617424043992u=2409086564,4092922119&fm=26&gp=0.jpg HTTP/1.1" 304 - "http://localhost:8080/" "Mozilla/5.0 (Linux; Android 8.0; Pixel 2 Build/OPD3.170816.012) AppleWebKit/537.36 (KHTML, like Gecko) Chrome/90.0.4430.85 Mobile Safari/537.36"
::ffff:127.0.0.1 - - [03/May/2021:11:40:09 +0000] "OPTIONS /friend/list HTTP/1.1" 204 0 "http://localhost:8080/" "Mozilla/5.0 (Linux; Android 8.0; Pixel 2 Build/OPD3.170816.012) AppleWebKit/537.36 (KHTML, like Gecko) Chrome/90.0.4430.85 Mobile Safari/537.36"
::ffff:127.0.0.1 - - [03/May/2021:11:40:09 +0000] "OPTIONS /friend/apply/num HTTP/1.1" 204 0 "http://localhost:8080/" "Mozilla/5.0 (Linux; Android 8.0; Pixel 2 Build/OPD3.170816.012) AppleWebKit/537.36 (KHTML, like Gecko) Chrome/90.0.4430.85 Mobile Safari/537.36"
::ffff:127.0.0.1 - - [03/May/2021:11:40:09 +0000] "POST /friend/apply/num HTTP/1.1" 200 62 "http://localhost:8080/" "Mozilla/5.0 (Linux; Android 8.0; Pixel 2 Build/OPD3.170816.012) AppleWebKit/537.36 (KHTML, like Gecko) Chrome/90.0.4430.85 Mobile Safari/537.36"
::ffff:127.0.0.1 - - [03/May/2021:11:40:09 +0000] "POST /friend/list HTTP/1.1" 200 601 "http://localhost:8080/" "Mozilla/5.0 (Linux; Android 8.0; Pixel 2 Build/OPD3.170816.012) AppleWebKit/537.36 (KHTML, like Gecko) Chrome/90.0.4430.85 Mobile Safari/537.36"
::ffff:127.0.0.1 - - [03/May/2021:11:40:11 +0000] "POST /friend/apply/num HTTP/1.1" 200 62 "http://localhost:8080/" "Mozilla/5.0 (Linux; Android 8.0; Pixel 2 Build/OPD3.170816.012) AppleWebKit/537.36 (KHTML, like Gecko) Chrome/90.0.4430.85 Mobile Safari/537.36"
::ffff:127.0.0.1 - - [03/May/2021:11:40:11 +0000] "POST /friend/list HTTP/1.1" 200 601 "http://localhost:8080/" "Mozilla/5.0 (Linux; Android 8.0; Pixel 2 Build/OPD3.170816.012) AppleWebKit/537.36 (KHTML, like Gecko) Chrome/90.0.4430.85 Mobile Safari/537.36"
::1 - - [03/May/2021:11:40:11 +0000] "GET /public/images/avatar/160283218164589c2961f4a63cb6156b7af1c2cc372bf.jpg HTTP/1.1" 304 - "http://localhost:8080/" "Mozilla/5.0 (Linux; Android 8.0; Pixel 2 Build/OPD3.170816.012) AppleWebKit/537.36 (KHTML, like Gecko) Chrome/90.0.4430.85 Mobile Safari/537.36"
::1 - - [03/May/2021:11:40:11 +0000] "GET /public/images/avatar/1603249719512e7ce86382fa47c58d7f89334538b235a.jpg HTTP/1.1" 304 - "http://localhost:8080/" "Mozilla/5.0 (Linux; Android 8.0; Pixel 2 Build/OPD3.170816.012) AppleWebKit/537.36 (KHTML, like Gecko) Chrome/90.0.4430.85 Mobile Safari/537.36"
::1 - - [03/May/2021:11:40:11 +0000] "GET /public/images/avatar/1617424043992u=2409086564,4092922119&fm=26&gp=0.jpg HTTP/1.1" 304 - "http://localhost:8080/" "Mozilla/5.0 (Linux; Android 8.0; Pixel 2 Build/OPD3.170816.012) AppleWebKit/537.36 (KHTML, like Gecko) Chrome/90.0.4430.85 Mobile Safari/537.36"
